Requirement already satisfied: torch==2.6.0 in ./venv/lib/python3.12/site-packages (from -r /home/ubuntu/FREUID-Challenge-2026/requirements-train.txt (line 5)) (2.6.0)
Requirement already satisfied: timm==1.0.27 in ./venv/lib/python3.12/site-packages (from -r /home/ubuntu/FREUID-Challenge-2026/requirements-train.txt (line 6)) (1.0.27)
Requirement already satisfied: opencv-python-headless==4.10.0.84 in ./venv/lib/python3.12/site-packages (from -r /home/ubuntu/FREUID-Challenge-2026/requirements-train.txt (line 7)) (4.10.0.84)
Collecting numpy==1.26.4 (from -r /home/ubuntu/FREUID-Challenge-2026/requirements-train.txt (line 8))
  Using cached numpy-1.26.4-cp312-cp312-manylinux_2_17_x86_64.manylinux2014_x86_64.whl.metadata (61 kB)
Requirement already satisfied: pandas==2.2.3 in ./venv/lib/python3.12/site-packages (from -r /home/ubuntu/FREUID-Challenge-2026/requirements-train.txt (line 9)) (2.2.3)
Requirement already satisfied: albumentations in ./venv/lib/python3.12/site-packages (from -r /home/ubuntu/FREUID-Challenge-2026/requirements-train.txt (line 10)) (2.0.8)
Requirement already satisfied: pyyaml in ./venv/lib/python3.12/site-packages (from -r /home/ubuntu/FREUID-Challenge-2026/requirements-train.txt (line 11)) (6.0.3)
Requirement already satisfied: scikit-learn in ./venv/lib/python3.12/site-packages (from -r /home/ubuntu/FREUID-Challenge-2026/requirements-train.txt (line 12)) (1.9.1)
Requirement already satisfied: wandb in ./venv/lib/python3.12/site-packages (from -r /home/ubuntu/FREUID-Challenge-2026/requirements-train.txt (line 13)) (0.30.0)
Requirement already satisfied: awscli in ./venv/lib/python3.12/site-packages (from -r /home/ubuntu/FREUID-Challenge-2026/requirements-train.txt (line 14)) (1.46.1)
Requirement already satisfied: pytest in ./venv/lib/python3.12/site-packages (from -r /home/ubuntu/FREUID-Challenge-2026/requirements-train.txt (line 15)) (9.1.1)
Requirement already satisfied: filelock in ./venv/lib/python3.12/site-packages (from torch==2.6.0->-r /home/ubuntu/FREUID-Challenge-2026/requirements-train.txt (line 5)) (4.0.1)
Requirement already satisfied: typing-extensions>=4.10.0 in ./venv/lib/python3.12/site-packages (from torch==2.6.0->-r /home/ubuntu/FREUID-Challenge-2026/requirements-train.txt (line 5)) (4.16.0)
Requirement already satisfied: networkx in ./venv/lib/python3.12/site-packages (from torch==2.6.0->-r /home/ubuntu/FREUID-Challenge-2026/requirements-train.txt (line 5)) (3.6.1)
Requirement already satisfied: jinja2 in ./venv/lib/python3.12/site-packages (from torch==2.6.0->-r /home/ubuntu/FREUID-Challenge-2026/requirements-train.txt (line 5)) (3.1.6)
Requirement already satisfied: fsspec in ./venv/lib/python3.12/site-packages (from torch==2.6.0->-r /home/ubuntu/FREUID-Challenge-2026/requirements-train.txt (line 5)) (2026.9.0)
Requirement already satisfied: nvidia-cuda-nvrtc-cu12==12.4.127 in ./venv/lib/python3.12/site-packages (from torch==2.6.0->-r /home/ubuntu/FREUID-Challenge-2026/requirements-train.txt (line 5)) (12.4.127)
Requirement already satisfied: nvidia-cuda-runtime-cu12==12.4.127 in ./venv/lib/python3.12/site-packages (from torch==2.6.0->-r /home/ubuntu/FREUID-Challenge-2026/requirements-train.txt (line 5)) (12.4.127)
Requirement already satisfied: nvidia-cuda-cupti-cu12==12.4.127 in ./venv/lib/python3.12/site-packages (from torch==2.6.0->-r /home/ubuntu/FREUID-Challenge-2026/requirements-train.txt (line 5)) (12.4.127)
Requirement already satisfied: nvidia-cudnn-cu12==9.1.0.70 in ./venv/lib/python3.12/site-packages (from torch==2.6.0->-r /home/ubuntu/FREUID-Challenge-2026/requirements-train.txt (line 5)) (9.1.0.70)
Requirement already satisfied: nvidia-cublas-cu12==12.4.5.8 in ./venv/lib/python3.12/site-packages (from torch==2.6.0->-r /home/ubuntu/FREUID-Challenge-2026/requirements-train.txt (line 5)) (12.4.5.8)
Requirement already satisfied: nvidia-cufft-cu12==11.2.1.3 in ./venv/lib/python3.12/site-packages (from torch==2.6.0->-r /home/ubuntu/FREUID-Challenge-2026/requirements-train.txt (line 5)) (11.2.1.3)
Requirement already satisfied: nvidia-curand-cu12==10.3.5.147 in ./venv/lib/python3.12/site-packages (from torch==2.6.0->-r /home/ubuntu/FREUID-Challenge-2026/requirements-train.txt (line 5)) (10.3.5.147)
Requirement already satisfied: nvidia-cusolver-cu12==11.6.1.9 in ./venv/lib/python3.12/site-packages (from torch==2.6.0->-r /home/ubuntu/FREUID-Challenge-2026/requirements-train.txt (line 5)) (11.6.1.9)
Requirement already satisfied: nvidia-cusparse-cu12==12.3.1.170 in ./venv/lib/python3.12/site-packages (from torch==2.6.0->-r /home/ubuntu/FREUID-Challenge-2026/requirements-train.txt (line 5)) (12.3.1.170)
Requirement already satisfied: nvidia-cusparselt-cu12==0.6.2 in ./venv/lib/python3.12/site-packages (from torch==2.6.0->-r /home/ubuntu/FREUID-Challenge-2026/requirements-train.txt (line 5)) (0.6.2)
Requirement already satisfied: nvidia-nccl-cu12==2.21.5 in ./venv/lib/python3.12/site-packages (from torch==2.6.0->-r /home/ubuntu/FREUID-Challenge-2026/requirements-train.txt (line 5)) (2.21.5)
Requirement already satisfied: nvidia-nvtx-cu12==12.4.127 in ./venv/lib/python3.12/site-packages (from torch==2.6.0->-r /home/ubuntu/FREUID-Challenge-2026/requirements-train.txt (line 5)) (12.4.127)
Requirement already satisfied: nvidia-nvjitlink-cu12==12.4.127 in ./venv/lib/python3.12/site-packages (from torch==2.6.0->-r /home/ubuntu/FREUID-Challenge-2026/requirements-train.txt (line 5)) (12.4.127)
Requirement already satisfied: triton==3.2.0 in ./venv/lib/python3.12/site-packages (from torch==2.6.0->-r /home/ubuntu/FREUID-Challenge-2026/requirements-train.txt (line 5)) (3.2.0)
Requirement already satisfied: setuptools in ./venv/lib/python3.12/site-packages (from torch==2.6.0->-r /home/ubuntu/FREUID-Challenge-2026/requirements-train.txt (line 5)) (84.0.0)
Requirement already satisfied: sympy==1.13.1 in ./venv/lib/python3.12/site-packages (from torch==2.6.0->-r /home/ubuntu/FREUID-Challenge-2026/requirements-train.txt (line 5)) (1.13.1)
Requirement already satisfied: torchvision in ./venv/lib/python3.12/site-packages (from timm==1.0.27->-r /home/ubuntu/FREUID-Challenge-2026/requirements-train.txt (line 6)) (0.21.0)
Requirement already satisfied: huggingface_hub in ./venv/lib/python3.12/site-packages (from timm==1.0.27->-r /home/ubuntu/FREUID-Challenge-2026/requirements-train.txt (line 6)) (1.32.0)
Requirement already satisfied: safetensors in ./venv/lib/python3.12/site-packages (from timm==1.0.27->-r /home/ubuntu/FREUID-Challenge-2026/requirements-train.txt (line 6)) (0.8.0)
Requirement already satisfied: python-dateutil>=2.8.2 in ./venv/lib/python3.12/site-packages (from pandas==2.2.3->-r /home/ubuntu/FREUID-Challenge-2026/requirements-train.txt (line 9)) (2.9.0.post0)
Requirement already satisfied: pytz>=2020.1 in ./venv/lib/python3.12/site-packages (from pandas==2.2.3->-r /home/ubuntu/FREUID-Challenge-2026/requirements-train.txt (line 9)) (2026.3.post1)
Requirement already satisfied: tzdata>=2022.7 in ./venv/lib/python3.12/site-packages (from pandas==2.2.3->-r /home/ubuntu/FREUID-Challenge-2026/requirements-train.txt (line 9)) (2026.4)
Requirement already satisfied: mpmath<1.4,>=1.1.0 in ./venv/lib/python3.12/site-packages (from sympy==1.13.1->torch==2.6.0->-r /home/ubuntu/FREUID-Challenge-2026/requirements-train.txt (line 5)) (1.3.0)
Requirement already satisfied: scipy>=1.10.0 in ./venv/lib/python3.12/site-packages (from albumentations->-r /home/ubuntu/FREUID-Challenge-2026/requirements-train.txt (line 10)) (1.18.1)
Requirement already satisfied: pydantic>=2.9.2 in ./venv/lib/python3.12/site-packages (from albumentations->-r /home/ubuntu/FREUID-Challenge-2026/requirements-train.txt (line 10)) (2.13.5)
Requirement already satisfied: albucore==0.0.24 in ./venv/lib/python3.12/site-packages (from albumentations->-r /home/ubuntu/FREUID-Challenge-2026/requirements-train.txt (line 10)) (0.0.24)
Requirement already satisfied: stringzilla>=3.10.4 in ./venv/lib/python3.12/site-packages (from albucore==0.0.24->albumentations->-r /home/ubuntu/FREUID-Challenge-2026/requirements-train.txt (line 10)) (5.1.2)
Requirement already satisfied: simsimd>=5.9.2 in ./venv/lib/python3.12/site-packages (from albucore==0.0.24->albumentations->-r /home/ubuntu/FREUID-Challenge-2026/requirements-train.txt (line 10)) (6.5.16)
Requirement already satisfied: joblib>=1.4.0 in ./venv/lib/python3.12/site-packages (from scikit-learn->-r /home/ubuntu/FREUID-Challenge-2026/requirements-train.txt (line 12)) (1.6.0)
Requirement already satisfied: narwhals>=2.0.1 in ./venv/lib/python3.12/site-packages (from scikit-learn->-r /home/ubuntu/FREUID-Challenge-2026/requirements-train.txt (line 12)) (2.26.0)
Requirement already satisfied: threadpoolctl>=3.5.0 in ./venv/lib/python3.12/site-packages (from scikit-learn->-r /home/ubuntu/FREUID-Challenge-2026/requirements-train.txt (line 12)) (3.7.0)
Requirement already satisfied: click>=8.2.0 in ./venv/lib/python3.12/site-packages (from wandb->-r /home/ubuntu/FREUID-Challenge-2026/requirements-train.txt (line 13)) (8.5.0)
Requirement already satisfied: opentelemetry-api>=1.43.0 in ./venv/lib/python3.12/site-packages (from wandb->-r /home/ubuntu/FREUID-Challenge-2026/requirements-train.txt (line 13)) (1.44.0)
Requirement already satisfied: opentelemetry-exporter-otlp-proto-http>=1.43.0 in ./venv/lib/python3.12/site-packages (from wandb->-r /home/ubuntu/FREUID-Challenge-2026/requirements-train.txt (line 13)) (1.44.0)
Requirement already satisfied: opentelemetry-sdk>=1.43.0 in ./venv/lib/python3.12/site-packages (from wandb->-r /home/ubuntu/FREUID-Challenge-2026/requirements-train.txt (line 13)) (1.44.0)
Requirement already satisfied: packaging in ./venv/lib/python3.12/site-packages (from wandb->-r /home/ubuntu/FREUID-Challenge-2026/requirements-train.txt (line 13)) (26.3)
Requirement already satisfied: platformdirs in ./venv/lib/python3.12/site-packages (from wandb->-r /home/ubuntu/FREUID-Challenge-2026/requirements-train.txt (line 13)) (4.11.11)
Requirement already satisfied: protobuf!=5.28.0,!=5.29.0,<8,>=5 in ./venv/lib/python3.12/site-packages (from wandb->-r /home/ubuntu/FREUID-Challenge-2026/requirements-train.txt (line 13)) (7.36.2)
Requirement already satisfied: requests<3,>=2.0.0 in ./venv/lib/python3.12/site-packages (from wandb->-r /home/ubuntu/FREUID-Challenge-2026/requirements-train.txt (line 13)) (2.34.2)
Requirement already satisfied: xxhash>=3.0.0 in ./venv/lib/python3.12/site-packages (from wandb->-r /home/ubuntu/FREUID-Challenge-2026/requirements-train.txt (line 13)) (4.0.1)
Requirement already satisfied: annotated-types>=0.6.0 in ./venv/lib/python3.12/site-packages (from pydantic>=2.9.2->albumentations->-r /home/ubuntu/FREUID-Challenge-2026/requirements-train.txt (line 10)) (0.8.0)
Requirement already satisfied: pydantic-core==2.46.5 in ./venv/lib/python3.12/site-packages (from pydantic>=2.9.2->albumentations->-r /home/ubuntu/FREUID-Challenge-2026/requirements-train.txt (line 10)) (2.46.5)
Requirement already satisfied: typing-inspection>=0.4.2 in ./venv/lib/python3.12/site-packages (from pydantic>=2.9.2->albumentations->-r /home/ubuntu/FREUID-Challenge-2026/requirements-train.txt (line 10)) (0.4.4)
Requirement already satisfied: charset_normalizer<4,>=2 in ./venv/lib/python3.12/site-packages (from requests<3,>=2.0.0->wandb->-r /home/ubuntu/FREUID-Challenge-2026/requirements-train.txt (line 13)) (3.5.1)
Requirement already satisfied: idna<4,>=2.5 in ./venv/lib/python3.12/site-packages (from requests<3,>=2.0.0->wandb->-r /home/ubuntu/FREUID-Challenge-2026/requirements-train.txt (line 13)) (3.20)
Requirement already satisfied: urllib3<3,>=1.26 in ./venv/lib/python3.12/site-packages (from requests<3,>=2.0.0->wandb->-r /home/ubuntu/FREUID-Challenge-2026/requirements-train.txt (line 13)) (2.8.0)
Requirement already satisfied: certifi>=2023.5.7 in ./venv/lib/python3.12/site-packages (from requests<3,>=2.0.0->wandb->-r /home/ubuntu/FREUID-Challenge-2026/requirements-train.txt (line 13)) (2026.7.22)
Requirement already satisfied: docutils<=0.19,>=0.18.1 in ./venv/lib/python3.12/site-packages (from awscli->-r /home/ubuntu/FREUID-Challenge-2026/requirements-train.txt (line 14)) (0.19)
Requirement already satisfied: colorama<0.4.7,>=0.2.5 in ./venv/lib/python3.12/site-packages (from awscli->-r /home/ubuntu/FREUID-Challenge-2026/requirements-train.txt (line 14)) (0.4.6)
Requirement already satisfied: rsa<4.8,>=3.1.2 in ./venv/lib/python3.12/site-packages (from awscli->-r /home/ubuntu/FREUID-Challenge-2026/requirements-train.txt (line 14)) (4.7.2)
Requirement already satisfied: jmespath<2.0.0,>=0.7.1 in ./venv/lib/python3.12/site-packages (from awscli->-r /home/ubuntu/FREUID-Challenge-2026/requirements-train.txt (line 14)) (1.1.0)
Requirement already satisfied: six>=1.5 in ./venv/lib/python3.12/site-packages (from python-dateutil>=2.8.2->pandas==2.2.3->-r /home/ubuntu/FREUID-Challenge-2026/requirements-train.txt (line 9)) (1.17.0)
Requirement already satisfied: pyasn1>=0.1.3 in ./venv/lib/python3.12/site-packages (from rsa<4.8,>=3.1.2->awscli->-r /home/ubuntu/FREUID-Challenge-2026/requirements-train.txt (line 14)) (0.6.4)
Requirement already satisfied: iniconfig>=1.0.1 in ./venv/lib/python3.12/site-packages (from pytest->-r /home/ubuntu/FREUID-Challenge-2026/requirements-train.txt (line 15)) (2.3.0)
Requirement already satisfied: pluggy<2,>=1.5 in ./venv/lib/python3.12/site-packages (from pytest->-r /home/ubuntu/FREUID-Challenge-2026/requirements-train.txt (line 15)) (1.6.0)
Requirement already satisfied: pygments>=2.7.2 in ./venv/lib/python3.12/site-packages (from pytest->-r /home/ubuntu/FREUID-Challenge-2026/requirements-train.txt (line 15)) (2.21.0)
Requirement already satisfied: cloudpickle>=3.0 in ./venv/lib/python3.12/site-packages (from joblib>=1.4.0->scikit-learn->-r /home/ubuntu/FREUID-Challenge-2026/requirements-train.txt (line 12)) (3.1.2)
Requirement already satisfied: googleapis-common-protos~=1.52 in ./venv/lib/python3.12/site-packages (from opentelemetry-exporter-otlp-proto-http>=1.43.0->wandb->-r /home/ubuntu/FREUID-Challenge-2026/requirements-train.txt (line 13)) (1.75.3)
Requirement already satisfied: opentelemetry-exporter-otlp-proto-common==1.44.0 in ./venv/lib/python3.12/site-packages (from opentelemetry-exporter-otlp-proto-http>=1.43.0->wandb->-r /home/ubuntu/FREUID-Challenge-2026/requirements-train.txt (line 13)) (1.44.0)
Requirement already satisfied: opentelemetry-proto==1.44.0 in ./venv/lib/python3.12/site-packages (from opentelemetry-exporter-otlp-proto-http>=1.43.0->wandb->-r /home/ubuntu/FREUID-Challenge-2026/requirements-train.txt (line 13)) (1.44.0)
Requirement already satisfied: opentelemetry-semantic-conventions==0.65b0 in ./venv/lib/python3.12/site-packages (from opentelemetry-sdk>=1.43.0->wandb->-r /home/ubuntu/FREUID-Challenge-2026/requirements-train.txt (line 13)) (0.65b0)
INFO: pip is looking at multiple versions of scipy to determine which version is compatible with other requirements. This could take a while.
Collecting scipy>=1.10.0 (from albumentations->-r /home/ubuntu/FREUID-Challenge-2026/requirements-train.txt (line 10))
  Downloading scipy-1.18.0-cp312-cp312-manylinux_2_27_x86_64.manylinux_2_28_x86_64.whl.metadata (62 kB)
  Downloading scipy-1.17.1-cp312-cp312-manylinux_2_27_x86_64.manylinux_2_28_x86_64.whl.metadata (62 kB)
Requirement already satisfied: hf-xet<2.0.0,>=1.5.2 in ./venv/lib/python3.12/site-packages (from huggingface_hub->timm==1.0.27->-r /home/ubuntu/FREUID-Challenge-2026/requirements-train.txt (line 6)) (1.6.0)
Requirement already satisfied: httpx<1,>=0.23.0 in ./venv/lib/python3.12/site-packages (from huggingface_hub->timm==1.0.27->-r /home/ubuntu/FREUID-Challenge-2026/requirements-train.txt (line 6)) (0.28.1)
Requirement already satisfied: tqdm>=4.42.1 in ./venv/lib/python3.12/site-packages (from huggingface_hub->timm==1.0.27->-r /home/ubuntu/FREUID-Challenge-2026/requirements-train.txt (line 6)) (4.70.1)
Requirement already satisfied: anyio in ./venv/lib/python3.12/site-packages (from httpx<1,>=0.23.0->huggingface_hub->timm==1.0.27->-r /home/ubuntu/FREUID-Challenge-2026/requirements-train.txt (line 6)) (4.15.1)
Requirement already satisfied: httpcore==1.* in ./venv/lib/python3.12/site-packages (from httpx<1,>=0.23.0->huggingface_hub->timm==1.0.27->-r /home/ubuntu/FREUID-Challenge-2026/requirements-train.txt (line 6)) (1.0.9)
Requirement already satisfied: h11>=0.16 in ./venv/lib/python3.12/site-packages (from httpcore==1.*->httpx<1,>=0.23.0->huggingface_hub->timm==1.0.27->-r /home/ubuntu/FREUID-Challenge-2026/requirements-train.txt (line 6)) (0.16.0)
Requirement already satisfied: MarkupSafe>=2.0 in ./venv/lib/python3.12/site-packages (from jinja2->torch==2.6.0->-r /home/ubuntu/FREUID-Challenge-2026/requirements-train.txt (line 5)) (3.0.3)
Requirement already satisfied: pillow!=8.3.*,>=5.3.0 in ./venv/lib/python3.12/site-packages (from torchvision->timm==1.0.27->-r /home/ubuntu/FREUID-Challenge-2026/requirements-train.txt (line 6)) (12.3.0)
Using cached numpy-1.26.4-cp312-cp312-manylinux_2_17_x86_64.manylinux2014_x86_64.whl (18.0 MB)
Downloading scipy-1.17.1-cp312-cp312-manylinux_2_27_x86_64.manylinux_2_28_x86_64.whl (35.2 MB)
   ━━━━━━━━━━━━━━━━━━━━━━━━━━━━━━━━━━━━━━━━ 35.2/35.2 MB 192.8 MB/s  0:00:00
Installing collected packages: numpy, scipy
  Attempting uninstall: numpy
    Found existing installation: numpy 2.5.3
    Uninstalling numpy-2.5.3:
      Successfully uninstalled numpy-2.5.3
  Attempting uninstall: scipy
    Found existing installation: scipy 1.18.1
    Uninstalling scipy-1.18.1:
      Successfully uninstalled scipy-1.18.1

Successfully installed numpy-1.26.4 scipy-1.17.1
torch 2.6.0+cu124 timm 1.0.27 numpy 1.26.4 cuda True NVIDIA A10G
..................................ss.................................... [ 97%]
..                                                                       [100%]
72 passed, 2 skipped in 12.72s
setup done -> next: export WANDB_API_KEY=...; bash own_run_ec2.sh smoke
