wandb: [wandb.login()] Loaded credentials for https://api.wandb.ai from WANDB_API_KEY.
wandb: Currently logged in as: kyunginstevenmin (kyungin) to https://api.wandb.ai. Use `wandb login --relogin` to force relogin
wandb: Tracking run with wandb version 0.30.0
wandb: Run data is saved locally in /home/ubuntu/FREUID-Challenge-2026/wandb/run-20260919_175450-smoke_own_plain_dataset_final
wandb: Run `wandb offline` to turn off syncing.
wandb: Resuming run smoke_own_plain_dataset_final
wandb: ⭐️ View project at https://wandb.ai/kyungin/freuid-own-smoke
wandb: 🚀 View run at https://wandb.ai/kyungin/freuid-own-smoke/runs/smoke_own_plain_dataset_final
/home/ubuntu/FREUID-Challenge-2026/src/augment.py:90: UserWarning: Argument(s) 'quality_lower, quality_upper' are not valid for transform ImageCompression
  A.ImageCompression(quality_lower=50, quality_upper=95, p=1.0),
/home/ubuntu/FREUID-Challenge-2026/src/augment.py:91: UserWarning: Argument(s) 'scale_min, scale_max, interpolation' are not valid for transform Downscale
  A.Downscale(scale_min=0.65, scale_max=0.9, interpolation=cv2.INTER_AREA, p=1.0),
/home/ubuntu/FREUID-Challenge-2026/src/augment.py:103: UserWarning: Argument(s) 'var_limit' are not valid for transform GaussNoise
  aug += [A.GaussNoise(var_limit=(5, 30), p=0.12)]
/home/ubuntu/FREUID-Challenge-2026/src/augment.py:108: UserWarning: Argument(s) 'pad_mode' are not valid for transform Perspective
  A.Perspective(scale=(0.02, 0.05), pad_mode=cv2.BORDER_REPLICATE,
/home/ubuntu/FREUID-Challenge-2026/src/augment.py:110: UserWarning: Argument(s) 'mode' are not valid for transform Affine
  A.Affine(rotate=(-4, 4), shear=(-2, 2), scale=(0.90, 1.0),
/home/ubuntu/FREUID-Challenge-2026/src/augment.py:124: UserWarning: Argument(s) 'max_holes, min_holes, max_height, max_width, min_height, min_width, fill_value' are not valid for transform CoarseDropout
  aug += [A.CoarseDropout(max_holes=3, min_holes=1,
Warning: You are sending unauthenticated requests to the HF Hub. Please set a HF_TOKEN to enable higher rate limits and faster downloads.
[dataset_final] train=48 {'fantasyid': 12, 'freuid': 12, 'idnet': 12, 'sidt': 12} val=48  GEN-VAL=44  res=448x728 aug_groups=['color', 'degrade', 'dropout', 'geometry', 'noise'] sbi=0.0 attacks=self_blend select_on=genval
trainable 6.82M  lora_modules=96
perf: gpu=NVIDIA A10G peak=70.0 TFLOPS fwd=7839.8 GFLOP/batch(bs=6) precision=fp16 compile=False fused_opt=False grad_ckpt=False
== ep0 clean FREUID=0.9229(AUC=0.5191,APCER@1%=0.9583) | GEN-VAL FREUID=1.0000(AUC=0.4979,APCER@1%=1.0000) | train=6s(7.5img/s) wait=14% peak_mem=12.4GB 29.6TFLOPS MFU=42%
   GEN-VAL fantasyid=0.5000  freuid=1.0000  idnet=0.7000  sidt=1.0000  | macro_type=0.7727  macro_source=0.8000  <- selection
wandb: WARNING Tried to log to step 0 that is less than the current step 1. Steps must be monotonically increasing, so this data will be ignored. See https://wandb.me/define-metric to log data out of order.
wandb: uploading output.log; uploading wandb-summary.json; uploading config.yaml
wandb: 
wandb: Run summary:
wandb:        best/apcer 0.95833
wandb:        best/audet 0.4809
wandb:        best/clean 0.92286
wandb:        best/epoch 0
wandb:       best/freuid 0.8
wandb:        best/idnet 1
wandb: best/macro_source 0.8
wandb:   best/macro_type 0.77273
wandb:       clean/apcer 0.95833
wandb:       clean/audet 0.47569
wandb:               +28 ...
wandb: 
wandb: 🚀 View run smoke_own_plain_dataset_final at: https://wandb.ai/kyungin/freuid-own-smoke/runs/smoke_own_plain_dataset_final
wandb: ⭐️ View project at: https://wandb.ai/kyungin/freuid-own-smoke
wandb: Synced 5 W&B file(s), 0 media file(s), 0 artifact file(s) and 0 other file(s)
wandb: Find logs at: ./wandb/run-20260919_175450-smoke_own_plain_dataset_final/logs
BEST dataset_final: sel(FREUID)=0.8000 clean=0.9229 hard=None (ep0)
wandb: [wandb.login()] Loaded credentials for https://api.wandb.ai from WANDB_API_KEY.
wandb: Currently logged in as: kyunginstevenmin (kyungin) to https://api.wandb.ai. Use `wandb login --relogin` to force relogin
wandb: Tracking run with wandb version 0.30.0
wandb: Run data is saved locally in /home/ubuntu/FREUID-Challenge-2026/wandb/run-20260919_175535-smoke_own_compile_dataset_final
wandb: Run `wandb offline` to turn off syncing.
wandb: Resuming run smoke_own_compile_dataset_final
wandb: ⭐️ View project at https://wandb.ai/kyungin/freuid-own-smoke
wandb: 🚀 View run at https://wandb.ai/kyungin/freuid-own-smoke/runs/smoke_own_compile_dataset_final
/home/ubuntu/FREUID-Challenge-2026/src/augment.py:90: UserWarning: Argument(s) 'quality_lower, quality_upper' are not valid for transform ImageCompression
  A.ImageCompression(quality_lower=50, quality_upper=95, p=1.0),
/home/ubuntu/FREUID-Challenge-2026/src/augment.py:91: UserWarning: Argument(s) 'scale_min, scale_max, interpolation' are not valid for transform Downscale
  A.Downscale(scale_min=0.65, scale_max=0.9, interpolation=cv2.INTER_AREA, p=1.0),
/home/ubuntu/FREUID-Challenge-2026/src/augment.py:103: UserWarning: Argument(s) 'var_limit' are not valid for transform GaussNoise
  aug += [A.GaussNoise(var_limit=(5, 30), p=0.12)]
/home/ubuntu/FREUID-Challenge-2026/src/augment.py:108: UserWarning: Argument(s) 'pad_mode' are not valid for transform Perspective
  A.Perspective(scale=(0.02, 0.05), pad_mode=cv2.BORDER_REPLICATE,
/home/ubuntu/FREUID-Challenge-2026/src/augment.py:110: UserWarning: Argument(s) 'mode' are not valid for transform Affine
  A.Affine(rotate=(-4, 4), shear=(-2, 2), scale=(0.90, 1.0),
/home/ubuntu/FREUID-Challenge-2026/src/augment.py:124: UserWarning: Argument(s) 'max_holes, min_holes, max_height, max_width, min_height, min_width, fill_value' are not valid for transform CoarseDropout
  aug += [A.CoarseDropout(max_holes=3, min_holes=1,
[dataset_final] train=48 {'fantasyid': 12, 'freuid': 12, 'idnet': 12, 'sidt': 12} val=48  GEN-VAL=44  res=448x728 aug_groups=['color', 'degrade', 'dropout', 'geometry', 'noise'] sbi=0.0 attacks=self_blend select_on=genval
trainable 6.82M  lora_modules=96
perf: gpu=NVIDIA A10G peak=70.0 TFLOPS fwd=7839.8 GFLOP/batch(bs=6) precision=fp16 compile=True fused_opt=True grad_ckpt=False
== ep0 clean FREUID=0.9231(AUC=0.4965,APCER@1%=0.9583) | GEN-VAL FREUID=1.0000(AUC=0.4938,APCER@1%=1.0000) | train=81s(0.6img/s) wait=1% peak_mem=12.6GB 2.3TFLOPS MFU=3%
   GEN-VAL fantasyid=0.5000  freuid=1.0000  idnet=0.7000  sidt=1.0000  | macro_type=0.7727  macro_source=0.8000  <- selection
wandb: uploading output.log; uploading wandb-summary.json
wandb: 
wandb: Run history:
wandb:         clean/apcer ▁
wandb:         clean/audet ▁
wandb:        clean/freuid ▁
wandb:        genval/apcer ▁
wandb:        genval/audet ▁
wandb:    genval/fantasyid ▁
wandb:       genval/freuid ▁
wandb:        genval/idnet ▁
wandb: genval/macro_source ▁
wandb:   genval/macro_type ▁
wandb:                 +20 ...
wandb: 
wandb: Run summary:
wandb:        best/apcer 0.95833
wandb:        best/audet 0.50347
wandb:        best/clean 0.92312
wandb:        best/epoch 0
wandb:       best/freuid 0.8
wandb:        best/idnet 1
wandb: best/macro_source 0.8
wandb:   best/macro_type 0.77273
wandb:       clean/apcer 0.95833
wandb:       clean/audet 0.50347
wandb:               +28 ...
wandb: 
wandb: 🚀 View run smoke_own_compile_dataset_final at: https://wandb.ai/kyungin/freuid-own-smoke/runs/smoke_own_compile_dataset_final
wandb: ⭐️ View project at: https://wandb.ai/kyungin/freuid-own-smoke
wandb: Synced 5 W&B file(s), 0 media file(s), 0 artifact file(s) and 0 other file(s)
wandb: Find logs at: ./wandb/run-20260919_175535-smoke_own_compile_dataset_final/logs
BEST dataset_final: sel(FREUID)=0.8000 clean=0.9231 hard=None (ep0)
wandb: [wandb.login()] Loaded credentials for https://api.wandb.ai from WANDB_API_KEY.
wandb: Currently logged in as: kyunginstevenmin (kyungin) to https://api.wandb.ai. Use `wandb login --relogin` to force relogin
wandb: Tracking run with wandb version 0.30.0
wandb: Run data is saved locally in /home/ubuntu/FREUID-Challenge-2026/wandb/run-20260919_175720-smoke_own_plain_dataset_final
wandb: Run `wandb offline` to turn off syncing.
wandb: Resuming run smoke_own_plain_dataset_final
wandb: ⭐️ View project at https://wandb.ai/kyungin/freuid-own-smoke
wandb: 🚀 View run at https://wandb.ai/kyungin/freuid-own-smoke/runs/smoke_own_plain_dataset_final
/home/ubuntu/FREUID-Challenge-2026/src/augment.py:90: UserWarning: Argument(s) 'quality_lower, quality_upper' are not valid for transform ImageCompression
  A.ImageCompression(quality_lower=50, quality_upper=95, p=1.0),
/home/ubuntu/FREUID-Challenge-2026/src/augment.py:91: UserWarning: Argument(s) 'scale_min, scale_max, interpolation' are not valid for transform Downscale
  A.Downscale(scale_min=0.65, scale_max=0.9, interpolation=cv2.INTER_AREA, p=1.0),
/home/ubuntu/FREUID-Challenge-2026/src/augment.py:103: UserWarning: Argument(s) 'var_limit' are not valid for transform GaussNoise
  aug += [A.GaussNoise(var_limit=(5, 30), p=0.12)]
/home/ubuntu/FREUID-Challenge-2026/src/augment.py:108: UserWarning: Argument(s) 'pad_mode' are not valid for transform Perspective
  A.Perspective(scale=(0.02, 0.05), pad_mode=cv2.BORDER_REPLICATE,
/home/ubuntu/FREUID-Challenge-2026/src/augment.py:110: UserWarning: Argument(s) 'mode' are not valid for transform Affine
  A.Affine(rotate=(-4, 4), shear=(-2, 2), scale=(0.90, 1.0),
/home/ubuntu/FREUID-Challenge-2026/src/augment.py:124: UserWarning: Argument(s) 'max_holes, min_holes, max_height, max_width, min_height, min_width, fill_value' are not valid for transform CoarseDropout
  aug += [A.CoarseDropout(max_holes=3, min_holes=1,
Warning: You are sending unauthenticated requests to the HF Hub. Please set a HF_TOKEN to enable higher rate limits and faster downloads.
[dataset_final] train=48 {'fantasyid': 12, 'freuid': 12, 'idnet': 12, 'sidt': 12} val=48  GEN-VAL=44  res=448x728 aug_groups=['color', 'degrade', 'dropout', 'geometry', 'noise'] sbi=0.0 attacks=self_blend select_on=genval
trainable 6.82M  lora_modules=96
perf: gpu=NVIDIA A10G peak=70.0 TFLOPS fwd=7839.8 GFLOP/batch(bs=6) precision=fp16 compile=False fused_opt=False grad_ckpt=False
resumed /home/ubuntu/FREUID-Challenge-2026/checkpoints/smoke_own_plain_dataset_final_last.pt -> start ep1 (best=1000000000.0000)
== ep1 clean FREUID=0.9231(AUC=0.5000,APCER@1%=0.9583) | GEN-VAL FREUID=1.0000(AUC=0.4835,APCER@1%=1.0000) | train=6s(7.6img/s) wait=13% peak_mem=13.5GB 29.8TFLOPS MFU=43%
   GEN-VAL fantasyid=0.5000  freuid=1.0000  idnet=0.7000  sidt=1.0000  | macro_type=0.7727  macro_source=0.8000  <- selection
wandb: uploading output.log; uploading wandb-summary.json; uploading config.yaml
wandb: 
wandb: Run history:
wandb:         clean/apcer ▁
wandb:         clean/audet ▁
wandb:        clean/freuid ▁
wandb:        genval/apcer ▁
wandb:        genval/audet ▁
wandb:    genval/fantasyid ▁
wandb:       genval/freuid ▁
wandb:        genval/idnet ▁
wandb: genval/macro_source ▁
wandb:   genval/macro_type ▁
wandb:                 +20 ...
wandb: 
wandb: Run summary:
wandb:        best/apcer 0.95833
wandb:        best/audet 0.5
wandb:        best/clean 0.92308
wandb:        best/epoch 1
wandb:       best/freuid 0.8
wandb:        best/idnet 1
wandb: best/macro_source 0.8
wandb:   best/macro_type 0.77273
wandb:       clean/apcer 0.95833
wandb:       clean/audet 0.5
wandb:               +28 ...
wandb: 
wandb: 🚀 View run smoke_own_plain_dataset_final at: https://wandb.ai/kyungin/freuid-own-smoke/runs/smoke_own_plain_dataset_final
wandb: ⭐️ View project at: https://wandb.ai/kyungin/freuid-own-smoke
wandb: Synced 5 W&B file(s), 0 media file(s), 0 artifact file(s) and 0 other file(s)
wandb: Find logs at: ./wandb/run-20260919_175720-smoke_own_plain_dataset_final/logs
BEST dataset_final: sel(FREUID)=0.8000 clean=0.9231 hard=None (ep1)
resume OK
checkpoints/smoke_own_compile_resolved.yaml:compile: true
resolved dump shows the flags OK
perf: gpu=NVIDIA A10G peak=70.0 TFLOPS fwd=7839.8 GFLOP/batch(bs=6) precision=fp16 compile=True fused_opt=True grad_ckpt=False
perf: gpu=NVIDIA A10G peak=70.0 TFLOPS fwd=7839.8 GFLOP/batch(bs=6) precision=fp16 compile=False fused_opt=False grad_ckpt=False
perf: gpu=NVIDIA A10G peak=70.0 TFLOPS fwd=7839.8 GFLOP/batch(bs=6) precision=fp16 compile=False fused_opt=False grad_ckpt=False
smoke done -> next: bash own_run_ec2.sh ceiling
